// Jest Snapshot v1, https://goo.gl/fbAQLP

exports[`Home tests renders correctly 1`] = `
<div>
  <div>
    <ul
      class="container"
    >
      <li
        class="container"
      >
        <article
          class="article"
        >
          <header
            class="header"
          >
            <img
              class="image"
              src="https://www.wta.org/site_images/hikes/mount-pilchuck-by-day-hike.jpg/@@images/45b388b1-1ef8-4a37-a017-9b0a25a137b8.jpeg"
            />
            <h2
              class="title"
            >
              <a
                class="link"
                href="/mountainlist/7"
              >
                Mount Pilchuck
              </a>
            </h2>
          </header>
          <div
            class="wrapper"
          />
          <button
            class="button"
          >
            Show more
          </button>
        </article>
      </li>
    </ul>
  </div>
</div>
`;
